exports[`test viewable 1`] = `
Array [
  "actionTypes",
  "actions",
  "rootReducer",
  "entity",
  "id",
  "field",
  "initialState",
  "propTypes",
  "view",
]
`;

exports[`test viewable.view update interaction 1`] = `"<div>false</div>"`;
